
[1m[46m RUN [49m[22m [36mv4.0.18 [39m[90mC:/Users/anugr/Downloads/projects/cofee_app/client[39m

node.exe : [31mΓÄ»ΓÄ
»ΓÄ»ΓÄ»ΓÄ»ΓÄ»[39m[1
m[41m Unhandled 
Errors [49m[22m[31
mΓÄ»ΓÄ»ΓÄ»ΓÄ»ΓÄ»ΓÄ»[
39m
At C:\Program Files\n
odejs\npx.ps1:29 
char:3
+   & $NODE_EXE 
$NPX_CLI_JS $args
+   ~~~~~~~~~~~~~~~~~
~~~~~~~~~~~~
    + CategoryInfo   
           : NotSpe  
  cified: ([31mΓÄ   
 »ΓÄ»ΓÄ»Γ...»ΓÄ»Γ    
Ä»ΓÄ»[39m:Strin    
g) [], RemoteExc    
eption
    + FullyQualified 
   ErrorId : Native  
  CommandError
 
[31m[1m
Vitest caught 1 
unhandled error 
during the test run.
This might cause 
false positive 
tests. Resolve 
unhandled errors to 
make sure your tests 
are not 
affected.[22m[39m

[31mΓÄ»ΓÄ»ΓÄ»ΓÄ»ΓÄ»Γ
Ä»[39m[1m[41m 
Unhandled Error [49m
[22m[31mΓÄ»ΓÄ»ΓÄ»ΓÄ
»ΓÄ»ΓÄ»ΓÄ»[39m
[31m[1mError[22m: 
[vitest-pool]: 
Failed to start 
forks worker for 
test files C:/Users/a
nugr/Downloads/projec
ts/cofee_app/client/s
rc/components/__tests
__/Navbar.test.tsx.[
39m
[90m [2mΓ¥»[22m no
de_modules/vitest/dis
t/chunks/cli-api.B7PN
_QUv.js:[2m8046:94[
22m[39m
[90m [2mΓ¥»[22m pr
ocessTicksAndRejectio
ns node:internal/proc
ess/task_queues:[2m1
05:5[22m[39m
[90m [2mΓ¥»[22m 
Pool.schedule node_mo
dules/vitest/dist/chu
nks/cli-api.B7PN_QUv.
js:[2m8046:5[22m[3
9m

[31m[1mCaused by: 
Error[22m: 
require() of ES 
Module C:\Users\anugr
\Downloads\projects\c
ofee_app\client\node_
modules\@csstools\css
-calc\dist\index.mjs 
not supported.
Instead change the 
require of C:\Users\a
nugr\Downloads\projec
ts\cofee_app\client\n
ode_modules\@csstools
\css-calc\dist\index.
mjs to a dynamic 
import() which is 
available in all 
CommonJS 
modules.[39m
[90m [2mΓ¥»[22m Tr
acingChannel.traceSyn
c node:diagnostics_ch
annel:[2m315:14[22m
[39m
[90m [2mΓ¥»[22m 
Object.<anonymous> no
de_modules/@asamuzakj
p/css-color/dist/cjs/
index.cjs:[2m30:24[
22m[39m

[31m[2mΓÄ»ΓÄ»ΓÄ»ΓÄ»
ΓÄ»ΓÄ»ΓÄ»ΓÄ»ΓÄ»ΓÄ»ΓÄ»
ΓÄ»ΓÄ»ΓÄ»ΓÄ»ΓÄ»ΓÄ»ΓÄ»
ΓÄ»ΓÄ»ΓÄ»ΓÄ»ΓÄ»ΓÄ»ΓÄ»
ΓÄ»ΓÄ»ΓÄ»ΓÄ»ΓÄ»[22m
[39m
[31m[1mSerialized 
Error:[22m[39m 
[90m{ code: 
'ERR_REQUIRE_ESM' 
}[39m
[31mΓÄ»ΓÄ»ΓÄ»ΓÄ»ΓÄ»Γ
Ä»ΓÄ»ΓÄ»ΓÄ»ΓÄ»ΓÄ»ΓÄ»Γ
Ä»ΓÄ»ΓÄ»ΓÄ»ΓÄ»ΓÄ»ΓÄ»Γ
Ä»ΓÄ»ΓÄ»ΓÄ»ΓÄ»ΓÄ»ΓÄ»Γ
Ä»ΓÄ»ΓÄ»ΓÄ»[39m


[2m Test Files [22m [2mno tests[22m
[2m      Tests [22m [2mno tests[22m
[2m     Errors [22m [1m[31m1 error[39m[22m
[2m   Start at [22m 20:28:54
[2m   Duration [22m 338ms[2m (transform 0ms, setup 0ms, import 0ms, tests 0ms, environment 0ms)[22m

