src/controllers/adminController.ts(194,32): error TS2345: Argument of type '(s: Student) => string[]' is not assignable to parameter of type '(value: Document<unknown, {}, IStudent, {}, DefaultSchemaOptions> & IStudent & Required<{ _id: ObjectId; }> & { ...; } & { ...; }, index: number, array: (Document<...> & ... 3 more ... & { ...; })[]) => string[]'.
  Types of parameters 's' and 'value' are incompatible.
    Type 'Document<unknown, {}, IStudent, {}, DefaultSchemaOptions> & IStudent & Required<{ _id: ObjectId; }> & { ...; } & { ...; }' is not assignable to type 'Student'.
      Types of property '_id' are incompatible.
        Type 'ObjectId' is not assignable to type 'string'.
src/middleware/auth.ts(120,30): error TS2352: Conversion of type 'ObjectId' to type 'string' may be a mistake because neither type sufficiently overlaps with the other. If this was intentional, convert the expression to 'unknown' first.
src/services/emailService.ts(1,24): error TS7016: Could not find a declaration file for module 'nodemailer'. 'C:/Users/anugr/Downloads/projects/cofee_app/server/node_modules/nodemailer/lib/nodemailer.js' implicitly has an 'any' type.
  Try `npm i --save-dev @types/nodemailer` if it exists or add a new declaration (.d.ts) file containing `declare module 'nodemailer';`
